
Expect type mismatch exception ...
>>>
[CRefTarg/08288158 R:1 WR:1] Assert failed: array type mismatch (Array_double Array_float) (context: Global, at ../../../src/DataArray.cc:322)
<<<

Expect type mismatch exception ...
>>>
[CRefTarg/08288158 R:1 WR:1] Assert failed: array type mismatch (double Array_float) (context: Global, at ../../../src/DataArray.cc:322)
<<<
0[0, 0][9, 11][1, 1][0, 1]
1[1, 2][1, 2][1, 1][]
1[1, 0][1, 11][1, 1][1]
1[0, 2][9, 2][1, 1][0]
0[1, 0][3, 11][1, 2][0, 1]

Expect some HIID parser exceptions ...
Only 3 values (start:end:incr) can be given per axis in HIID 1:3._:_:_:2
Start 10 should be < axis length 10 in HIID 10._
Start 12 should be < axis length 12 in HIID _.12
End 9 should be >= start 10 in HIID _.10:9
Stride 0 should be > 0 in HIID _.9:10:0
HIID _._._ has more axes than the array (2)
HIID : does not have a value before range delimiter
HIID 1:: does not have a value before range delimiter
HIID 1: does not have a value after range delimiter
